HP@DESKTOP-IU19D9D MINGW64 ~/onedrive/desktop/practice_vc (master)
$ git checkout mybranch
Switched to branch 'mybranch'

HP@DESKTOP-IU19D9D MINGW64 ~/onedrive/desktop/practice_vc (mybranch)
$ git rebase --interactive
There is no tracking information for the current branch.
Please specify which branch you want to rebase against.
See git-rebase(1) for details.

    git rebase '<branch>'

If you wish to set tracking information for this branch you can do so with:

    git branch --set-upstream-to=<remote>/<branch> mybranch


HP@DESKTOP-IU19D9D MINGW64 ~/onedrive/desktop/practice_vc (mybranch)
$ git log
commit bb5672993b5f11578810f220bb805746802a90ce (HEAD -> mybranch)
Author: khaja <khajahussain.syed@zemosolabs.com>
Date:   Wed Jan 12 14:57:11 2022 +0530

    step 15

commit 35e526f14b7c32eaf801bb127930a494bddeecf8
Author: khaja <khajahussain.syed@zemosolabs.com>
Date:   Wed Jan 12 14:32:02 2022 +0530

    basic commits

commit 74d1830dc7c0093867d8b3bbada16dc92055a908
Author: khaja <khajahussain.syed@zemosolabs.com>
Date:   Wed Jan 12 14:28:56 2022 +0530

     step 16

commit 64d026031ec8251c2a6ccdab376a22bf4478afd6
Author: khaja <khajahussain.syed@zemosolabs.com>
Date:   Wed Jan 12 14:27:12 2022 +0530

    step 14

HP@DESKTOP-IU19D9D MINGW64 ~/onedrive/desktop/practice_vc (mybranch)
$ ls
basic_commits.txt  basic_staging.txt  file1.txt  hello.txt

HP@DESKTOP-IU19D9D MINGW64 ~/onedrive/desktop/practice_vc (mybranch)
$ git log --oneline --graph
* bb56729 (HEAD -> mybranch) step 15
* 35e526f basic commits
* 74d1830  step 16
* 64d0260 step 14
* d16232d first commit

HP@DESKTOP-IU19D9D MINGW64 ~/onedrive/desktop/practice_vc (mybranch)
$ git checkout master
Switched to branch 'master'

HP@DESKTOP-IU19D9D MINGW64 ~/onedrive/desktop/practice_vc (master)
$ git log --oneline --graph
* ddb56c0 (HEAD -> master) ammend2
* ef38d92 (origin/mybranch) step 10
* 465116b basic staging
* 9180434 step 15
* 35e526f basic commits
* 74d1830  step 16
* 64d0260 step 14
* d16232d first commit

HP@DESKTOP-IU19D9D MINGW64 ~/onedrive/desktop/practice_vc (master)
$ git rebase --interactive
There is no tracking information for the current branch.
Please specify which branch you want to rebase against.
See git-rebase(1) for details.

    git rebase '<branch>'

If you wish to set tracking information for this branch you can do so with:

    git branch --set-upstream-to=<remote>/<branch> master


HP@DESKTOP-IU19D9D MINGW64 ~/onedrive/desktop/practice_vc (master)
$ git rebase --i 9180434
error: ambiguous option: i (could be --ignore-whitespace or --interactive)
usage: git rebase [-i] [options] [--exec <cmd>] [--onto <newbase> | --keep-base] [<upstream> [<branch>]]
   or: git rebase [-i] [options] [--exec <cmd>] [--onto <newbase>] --root [<branch>]
   or: git rebase --continue | --abort | --skip | --edit-todo

    --onto <revision>     rebase onto given branch instead of upstream
    --keep-base           use the merge-base of upstream and branch as the current base
    --no-verify           allow pre-rebase hook to run
    -q, --quiet           be quiet. implies --no-stat
    -v, --verbose         display a diffstat of what changed upstream
    -n, --no-stat         do not show diffstat of what changed upstream
    --signoff             add a Signed-off-by trailer to each commit
    --committer-date-is-author-date
                          make committer date match author date
    --reset-author-date   ignore author date and use current date
    -C <n>                passed to 'git apply'
    --ignore-whitespace   ignore changes in whitespace
    --whitespace <action>
                          passed to 'git apply'
    -f, --force-rebase    cherry-pick all commits, even if unchanged
    --no-ff               cherry-pick all commits, even if unchanged
    --continue            continue
    --skip                skip current patch and continue
    --abort               abort and check out the original branch
    --quit                abort but keep HEAD where it is
    --edit-todo           edit the todo list during an interactive rebase
    --show-current-patch  show the patch file being applied or merged
    --apply               use apply strategies to rebase
    -m, --merge           use merging strategies to rebase
    -i, --interactive     let the user edit the list of commits to rebase
    --rerere-autoupdate   update the index with reused conflict resolution if possible
    --empty <{drop,keep,ask}>
                          how to handle commits that become empty
    --autosquash          move commits that begin with squash!/fixup! under -i
    -S, --gpg-sign[=<key-id>]
                          GPG-sign commits
    --autostash           automatically stash/stash pop before and after
    -x, --exec <exec>     add exec lines after each commit of the editable list
    -r, --rebase-merges[=<mode>]
                          try to rebase merges instead of skipping them
    --fork-point          use 'merge-base --fork-point' to refine upstream
    -s, --strategy <strategy>
                          use the given merge strategy
    -X, --strategy-option <option>
                          pass the argument through to the merge strategy
    --root                rebase all reachable commits up to the root(s)
    --reschedule-failed-exec
                          automatically re-schedule any `exec` that fails
    --reapply-cherry-picks
                          apply all changes, even those already present upstream


HP@DESKTOP-IU19D9D MINGW64 ~/onedrive/desktop/practice_vc (master)
$ cd ..

HP@DESKTOP-IU19D9D MINGW64 ~/onedrive/desktop (4th)
$ cd 15

HP@DESKTOP-IU19D9D MINGW64 ~/onedrive/desktop/15 (4th)
$ git init
Initialized empty Git repository in C:/Users/HP/OneDrive/Desktop/15/.git/

HP@DESKTOP-IU19D9D MINGW64 ~/onedrive/desktop/15 (master)
$ git status
On branch master

No commits yet

Untracked files:
  (use "git add <file>..." to include in what will be committed)
        file.txt

nothing added to commit but untracked files present (use "git add" to track)

HP@DESKTOP-IU19D9D MINGW64 ~/onedrive/desktop/15 (master)
$ git log
fatal: your current branch 'master' does not have any commits yet

HP@DESKTOP-IU19D9D MINGW64 ~/onedrive/desktop/15 (master)
$ git add .

HP@DESKTOP-IU19D9D MINGW64 ~/onedrive/desktop/15 (master)
$ git commit -m "m1"
[master (root-commit) 641ff93] m1
 1 file changed, 0 insertions(+), 0 deletions(-)
 create mode 100644 file.txt

HP@DESKTOP-IU19D9D MINGW64 ~/onedrive/desktop/15 (master)
$ git log
commit 641ff93d161b12f62b498c63f2161db3bb55993c (HEAD -> master)
Author: khaja <khajahussain.syed@zemosolabs.com>
Date:   Fri Jan 14 11:35:13 2022 +0530

    m1

HP@DESKTOP-IU19D9D MINGW64 ~/onedrive/desktop/15 (master)
$ vi file.txt

HP@DESKTOP-IU19D9D MINGW64 ~/onedrive/desktop/15 (master)
$ git add .
warning: LF will be replaced by CRLF in file.txt.
The file will have its original line endings in your working directory

HP@DESKTOP-IU19D9D MINGW64 ~/onedrive/desktop/15 (master)
$ git commit -m "m2"
[master a98c8c0] m2
 1 file changed, 1 insertion(+)

HP@DESKTOP-IU19D9D MINGW64 ~/onedrive/desktop/15 (master)
$ git log
commit a98c8c058102c752ea46f1e8efa619af80c0cd4d (HEAD -> master)
Author: khaja <khajahussain.syed@zemosolabs.com>
Date:   Fri Jan 14 11:36:14 2022 +0530

    m2

commit 641ff93d161b12f62b498c63f2161db3bb55993c
Author: khaja <khajahussain.syed@zemosolabs.com>
Date:   Fri Jan 14 11:35:13 2022 +0530

    m1

HP@DESKTOP-IU19D9D MINGW64 ~/onedrive/desktop/15 (master)
$ git branch feature

HP@DESKTOP-IU19D9D MINGW64 ~/onedrive/desktop/15 (master)
$ git checkout feature
Switched to branch 'feature'

HP@DESKTOP-IU19D9D MINGW64 ~/onedrive/desktop/15 (feature)
$ vi file.txt

HP@DESKTOP-IU19D9D MINGW64 ~/onedrive/desktop/15 (feature)
$ git add .
warning: LF will be replaced by CRLF in file.txt.
The file will have its original line endings in your working directory

HP@DESKTOP-IU19D9D MINGW64 ~/onedrive/desktop/15 (feature)
$ git commit -m "f1"
[feature 8c6f274] f1
 1 file changed, 1 insertion(+), 1 deletion(-)

HP@DESKTOP-IU19D9D MINGW64 ~/onedrive/desktop/15 (feature)
$ git log --oneline
8c6f274 (HEAD -> feature) f1
a98c8c0 (master) m2
641ff93 m1

HP@DESKTOP-IU19D9D MINGW64 ~/onedrive/desktop/15 (feature)
$ git log --oneline --graph
* 8c6f274 (HEAD -> feature) f1
* a98c8c0 (master) m2
* 641ff93 m1

HP@DESKTOP-IU19D9D MINGW64 ~/onedrive/desktop/15 (feature)
$ vi file.txt

HP@DESKTOP-IU19D9D MINGW64 ~/onedrive/desktop/15 (feature)
$ git add .
warning: LF will be replaced by CRLF in file.txt.
The file will have its original line endings in your working directory

HP@DESKTOP-IU19D9D MINGW64 ~/onedrive/desktop/15 (feature)
$ git commit -m "f2"
[feature 46c73f4] f2
 1 file changed, 1 insertion(+), 1 deletion(-)

HP@DESKTOP-IU19D9D MINGW64 ~/onedrive/desktop/15 (feature)
$ git log --oneline --graph
* 46c73f4 (HEAD -> feature) f2
* 8c6f274 f1
* a98c8c0 (master) m2
* 641ff93 m1

HP@DESKTOP-IU19D9D MINGW64 ~/onedrive/desktop/15 (feature)
$ vi file.txt

HP@DESKTOP-IU19D9D MINGW64 ~/onedrive/desktop/15 (feature)
$ git add .
warning: LF will be replaced by CRLF in file.txt.
The file will have its original line endings in your working directory

HP@DESKTOP-IU19D9D MINGW64 ~/onedrive/desktop/15 (feature)
$ git commit -m "f3"
[feature 397537a] f3
 1 file changed, 1 insertion(+), 1 deletion(-)

HP@DESKTOP-IU19D9D MINGW64 ~/onedrive/desktop/15 (feature)
$ git log --oneline --graph
* 397537a (HEAD -> feature) f3
* 46c73f4 f2
* 8c6f274 f1
* a98c8c0 (master) m2
* 641ff93 m1

HP@DESKTOP-IU19D9D MINGW64 ~/onedrive/desktop/15 (feature)
$ git rebase -i
There is no tracking information for the current branch.
Please specify which branch you want to rebase against.
See git-rebase(1) for details.

    git rebase '<branch>'

If you wish to set tracking information for this branch you can do so with:

    git branch --set-upstream-to=<remote>/<branch> feature


HP@DESKTOP-IU19D9D MINGW64 ~/onedrive/desktop/15 (feature)
$ git checkout master
Switched to branch 'master'

HP@DESKTOP-IU19D9D MINGW64 ~/onedrive/desktop/15 (master)
$ git rebase -i
There is no tracking information for the current branch.
Please specify which branch you want to rebase against.
See git-rebase(1) for details.

    git rebase '<branch>'

If you wish to set tracking information for this branch you can do so with:

    git branch --set-upstream-to=<remote>/<branch> master


HP@DESKTOP-IU19D9D MINGW64 ~/onedrive/desktop/15 (master)
$ git rebase -i feature
Successfully rebased and updated refs/heads/master.

HP@DESKTOP-IU19D9D MINGW64 ~/onedrive/desktop/15 (master)
$ git log --oneline --graph
* 397537a (HEAD -> master, feature) f3
* 46c73f4 f2
* 8c6f274 f1
* a98c8c0 m2
* 641ff93 m1

HP@DESKTOP-IU19D9D MINGW64 ~/onedrive/desktop/15 (master)
$
