HP@DESKTOP-IU19D9D MINGW64 ~ (master)
$ cd onedrive

HP@DESKTOP-IU19D9D MINGW64 ~/onedrive (master)
$ cd desktop

HP@DESKTOP-IU19D9D MINGW64 ~/onedrive/desktop (main)
$ cd practice_vc

HP@DESKTOP-IU19D9D MINGW64 ~/onedrive/desktop/practice_vc (main)
$ git init
Initialized empty Git repository in C:/Users/HP/OneDrive/Desktop/practice_vc/.git/

HP@DESKTOP-IU19D9D MINGW64 ~/onedrive/desktop/practice_vc (master)
$ git status
On branch master

No commits yet

Untracked files:
  (use "git add <file>..." to include in what will be committed)
        hello.txt

nothing added to commit but untracked files present (use "git add" to track)

HP@DESKTOP-IU19D9D MINGW64 ~/onedrive/desktop/practice_vc (master)
$ git add hello.txt

HP@DESKTOP-IU19D9D MINGW64 ~/onedrive/desktop/practice_vc (master)
$ git status
On branch master

No commits yet

Changes to be committed:
  (use "git rm --cached <file>..." to unstage)
        new file:   hello.txt


HP@DESKTOP-IU19D9D MINGW64 ~/onedrive/desktop/practice_vc (master)
$ la -la
bash: la: command not found

HP@DESKTOP-IU19D9D MINGW64 ~/onedrive/desktop/practice_vc (master)
$ ls
hello.txt

HP@DESKTOP-IU19D9D MINGW64 ~/onedrive/desktop/practice_vc (master)
$ git commit -m "first commit"
[master (root-commit) d16232d] first commit
 1 file changed, 1 insertion(+)
 create mode 100644 hello.txt

HP@DESKTOP-IU19D9D MINGW64 ~/onedrive/desktop/practice_vc (master)
$ git status
On branch master
nothing to commit, working tree clean

HP@DESKTOP-IU19D9D MINGW64 ~/onedrive/desktop/practice_vc (master)
$ git status
On branch master
Changes not staged for commit:
  (use "git add <file>..." to update what will be committed)
  (use "git restore <file>..." to discard changes in working directory)
        modified:   hello.txt

no changes added to commit (use "git add" and/or "git commit -a")

HP@DESKTOP-IU19D9D MINGW64 ~/onedrive/desktop/practice_vc (master)
$ git add hello.txt

HP@DESKTOP-IU19D9D MINGW64 ~/onedrive/desktop/practice_vc (master)
$ git status
On branch master
Changes to be committed:
  (use "git restore --staged <file>..." to unstage)
        modified:   hello.txt


HP@DESKTOP-IU19D9D MINGW64 ~/onedrive/desktop/practice_vc (master)
$ git commit -m "step 14"
[master 64d0260] step 14
 1 file changed, 1 insertion(+), 1 deletion(-)

HP@DESKTOP-IU19D9D MINGW64 ~/onedrive/desktop/practice_vc (master)
$ git status
On branch master
Changes not staged for commit:
  (use "git add <file>..." to update what will be committed)
  (use "git restore <file>..." to discard changes in working directory)
        modified:   hello.txt

no changes added to commit (use "git add" and/or "git commit -a")

HP@DESKTOP-IU19D9D MINGW64 ~/onedrive/desktop/practice_vc (master)
$ git log
commit 64d026031ec8251c2a6ccdab376a22bf4478afd6 (HEAD -> master)
Author: khaja <khajahussain.syed@zemosolabs.com>
Date:   Wed Jan 12 14:27:12 2022 +0530

    step 14

commit d16232d0b66279da24006fd1db2d339da02c6887
Author: khaja <khajahussain.syed@zemosolabs.com>
Date:   Wed Jan 12 14:24:39 2022 +0530

    first commit

HP@DESKTOP-IU19D9D MINGW64 ~/onedrive/desktop/practice_vc (master)
$ git add hello.txt

HP@DESKTOP-IU19D9D MINGW64 ~/onedrive/desktop/practice_vc (master)
$ git commit -m " step 16"
[master 74d1830]  step 16
 1 file changed, 1 insertion(+), 1 deletion(-)

HP@DESKTOP-IU19D9D MINGW64 ~/onedrive/desktop/practice_vc (master)
$ ^C

HP@DESKTOP-IU19D9D MINGW64 ~/onedrive/desktop/practice_vc (master)
$
